// Jest Snapshot v1, https://goo.gl/fbAQLP

exports[`FilmDetails should render correctly 1`] = `null`;
