// Jest Snapshot v1, https://goo.gl/fbAQLP

exports[`ErrorMessageComponent should render correctly 1`] = `
<div
  className="error-message"
>
  <h1
    className="error-message__text"
  >
    Ops! We got troubles with server. I'll fix it, promise.
  </h1>
</div>
`;
